// Jest Snapshot v1, https://goo.gl/fbAQLP

exports[`renders rocketProfile correctly 1`] = `<tBody />`;
