// Jest Snapshot v1, https://goo.gl/fbAQLP

exports[`renders rocketsBookingButton correctly 1`] = `
<button
  className="btn btn-primary"
  onClick={[Function]}
  type="button"
>
  Reserve Rocket
</button>
`;
