// Jest Snapshot v1, https://goo.gl/fbAQLP

exports[`renders rockets correctly 1`] = `<div />`;
